PS C:\Users\Mohammed Rafiq\Desktop\my-react-project> git init
Reinitialized existing Git repository in C:/Users/Mohammed Rafiq/Desktop/my-react-project/.git/
PS C:\Users\Mohammed Rafiq\Desktop\my-react-project> git add -A
warning: in the working copy of '.gitignore', LF will be replaced by CRLF the next time Git touches it
warning: in the working copy of 'README.md', LF will be replaced by CRLF the next time Git touches it
warning: in the working copy of 'package-lock.json', LF will be replaced by CRLF the next time Git touches it
warning: in the working copy of 'package.json', LF will be replaced by CRLF the next time Git touches it
warning: in the working copy of 'public/index.html', LF will be replaced by CRLF the next time Git touches it
warning: in the working copy of 'public/manifest.json', LF will be replaced by CRLF the next time Git touches it
warning: in the working copy of 'public/robots.txt', LF will be replaced by CRLF the next time Git touches it
warning: in the working copy of 'src/App.css', LF will be replaced by CRLF the next time Git touches it
warning: in the working copy of 'src/App.js', LF will be replaced by CRLF the next time Git touches it
warning: in the working copy of 'src/index.css', LF will be replaced by CRLF the next time Git touches it
warning: in the working copy of 'src/index.js', LF will be replaced by CRLF the next time Git touches it
PS C:\Users\Mohammed Rafiq\Desktop\my-react-project> git commit -m "my-first-react-code"           
[master (root-commit) 53e7230] my-first-react-code
 15 files changed, 29821 insertions(+)
 create mode 100644 .gitignore   
 create mode 100644 README.md    
 create mode 100644 package-lock.json
 create mode 100644 package.json 
 create mode 100644 public/favicon.ico
 create mode 100644 public/index.html
 create mode 100644 public/logo192.png
 create mode 100644 public/logo512.png
 create mode 100644 public/manifest.json
 create mode 100644 public/robots.txt
 create mode 100644 src/App.css  
 create mode 100644 src/App.js   
 create mode 100644 src/components/Expense-Item.js
 create mode 100644 src/index.css
 create mode 100644 src/index.js 
PS C:\Users\Mohammed Rafiq\Desktop\my-react-project> git remote add origin https://github.com/Mdsadiqmulla/Lets-S* master
PS C:\Users\Mohammed Rafiq\Desktop\my-react-project> git branch -M main              PS C:\Users\Mohammed Rafiq\Desktop\my-react-project> git push -u origin main
To https://github.com/Mdsadiqmulla/Lets-Start-React.git
 ! [rejected]        main -> main (fetch first)
error: failed to push some refs to 'https://github.com/Mdsadiqmulla/Lets-Start-React.git'
hint: Updates were rejected because the remote contains work that you do
hint: not have locally. This is usually caused by another repository pushing
hint: to the same ref. You may wachangeshint: (e.g., 'git pull ...') before pushing again.hint: See the 'Note about fast-forwards' in 'git push --help' for details.PS C:\Users\Mohammed Rafiq\Desktop\my-react-project> git pull origin main
remote: Enumerating objects: 13, done.
remote: Counting objects:   7% (1remote: Counting objects:  15% (2remote: Counting objects:  23% (3remote: Counting objects:  30% (4remote: Counting objects:  38% (5remote: Counting objects:  46% (6remote: Counting objects:  53% (7remote: Counting objects:  61% (8remote: Counting objects:  69% (9remote: Counting objects:  76% (1remote: Counting objects:  84% (1remote: Counting objects:  92% (1remote: Counting objects: 100% (1remote: Counting objects: 100% (13/13), done.
remote: Compressing objects:   9%remote: Compressing objects:  18%remote: Compressing objects:  27%remote: Compressing objects:  36%remote: Compressing objects:  45%remote: Compressing objects:  54%remote: Compressing objects:  63%remote: Compressing objects:  72%remote: Compressing objects:  81%remote: Compressing objects:  90%remote: Compressing objects: 100%remote: Compressing objects: 100% (11/11), done.
remote: Total 13 (delta 1), reused 0 (delta 0), pack-reused 0     
Unpacking objects:  92% (12/13), Unpacking objects: 100% (13/13), Unpacking objects: 100% (13/13), 288.89 KiB | 499.00 KiB/s, done. 
From https://github.com/Mdsadiqmulla/Lets-Start-React
 * branch            main       -> FETCH_HEAD
 * [new branch]      main       -> origin/main
fatal: refusing to merge unrelated histories
PS C:\Users\Mohammed Rafiq\Desktop\my-react-project> git commit -m "Merge changes from remote reposiratory"
On branch main
nothing to commit, working tree clean
PS C:\Users\Mohammed Rafiq\Desktop\my-react-project> git push -u origin main                       To https://github.com/Mdsadiqmulla/Lets-Start-React.git
 ! [rejected]        main -> main (non-fast-forward)
error: failed to push some refs to 'https://github.com/Mdsadiqmulla/Lets-Start-React.git'
hint: Updates were rejected because the tip of your current branch is behind
hint: its remote counterpart. Integrate the remote changes (e.g.  
hint: 'git pull ...') before pushing again.
hint: See the 'Note about fast-forwards' in 'git push --help' for details.
PS C:\Users\Mohammed Rafiq\Desktop\my-react-project> git init     Reinitialized existing Git repository in C:/Users/Mohammed Rafiq/Desktop/my-react-project/.git/    
PS C:\Users\Mohammed Rafiq\Desktop\my-react-project> git add -A
PS C:\Users\Mohammed Rafiq\Desktop\my-react-project> git commit -m "initial commit"                On branch main
nothing to commit, working tree clean
PS C:\Users\Mohammed Rafiq\Desktop\my-react-project> git status   On branch main
nothing to commit, working tree clean
PS C:\Users\Mohammed Rafiq\Desktop\my-react-project> git remote add origin https://github.com/Mdsadiqmulla/Lets-Start-React.git     
error: remote origin already exists.
PS C:\Users\Mohammed Rafiq\Desktop\my-react-project> git push     
To https://github.com/Mdsadiqmulla/Lets-Start-React.git           
 ! [rejected]        main -> main (non-fast-forward)
error: failed to push some refs to 'https://github.com/Mdsadiqmulla/Lets-Start-React.git'
hint: Updates were rejected because the tip of your current branch is behind
hint: its remote counterpart. Integrate the remote changes (e.g.  
hint: 'git pull ...') before pushing again.
hint: See the 'Note about fast-forwards' in 'git push --help' for details.
PS C:\Users\Mohammed Rafiq\Desktop\my-react-project> git push     
To https://github.com/Mdsadiqmulla/Lets-Start-React.git
 ! [rejected]        main -> main (non-fast-forward)
error: failed to push some refs to 'https://github.com/Mdsadiqmulla/Lets-Start-React.git'
hint: Updates were rejected because the tip of your current branch is behind
hint: its remote counterpart. Integrate the remote changes (e.g.  
hint: 'git pull ...') before pushing again.
hint: See the 'Note about fast-forwards' in 'git push --help' for details.
PS C:\Users\Mohammed Rafiq\Desktop\my-react-project>  git push origin main
To https://github.com/Mdsadiqmulla/Lets-Start-React.git
 ! [rejected]        main -> main (non-fast-forward)
error: failed to push some refs to 'https://github.com/Mdsadiqmulla/Lets-Start-React.git'
hint: Updates were rejected because the tip of your current branch is behind
hint: its remote counterpart. Integrate the remote changes (e.g.  
hint: 'git pull ...') before pushing again.
hint: See the 'Note about fast-forwards' in 'git push --help' for details.
PS C:\Users\Mohammed Rafiq\Desktop\my-react-project> git remote _v
error: unknown subcommand: `_v'usage: git remote [-v | --verbose]
   or: git remote add [-t <branch>] [-m <master>] [-f] [--tags | --no-tags] [--mirror=<fetch|push>] <name> <url>
   or: git remote rename [--[no-]progress] <old> <new>
   or: git remote remove <name>  
   or: git remote set-head <name> (-a | --auto | -d | --delete | <branch>)
   or: git remote [-v | --verbose] show [-n] <name>
   or: git remote prune [-n | --dry-run] <name>
   or: git remote [-v | --verbose] update [-p | --prune] [(<group> | <remote>)...]
   or: git remote set-branches [--add] <name> <branch>...
   or: git remote get-url [--push] [--all] <name>
   or: git remote set-url [--push] <name> <newurl> [<oldurl>]     
   or: git remote set-url --add <name> <newurl>
   or: git remote set-url --delete <name> <url>

    -v, --verbose         be verbose; must be placed before a subcommand

PS C:\Users\Mohammed Rafiq\Desktop\my-react-project> git push -u origin main
To https://github.com/Mdsadiqmulla/Lets-Start-React.git
egrate the remote changes (e.g.
hint: 'git pull ...') before pushing again.
egrate the remote changes (e.g.  hint: 'git pull ...') before pushing again.
hint: See the 'Note about fast-forwards' in 'git push --help' for details.
PS C:\Users\Mohammed Rafiq\Desktop\my-react-project>